dataset/UK housing/sutton.csv
"Name","URI","Region GSS code","Period","Sales volume","Reporting period","Average price All property types","Average price Detached houses","Average price Semi-detached houses","Average price Terraced houses","Average price Flats and maisonettes","Pivotable date"
Sutton,http://landregistry.data.gov.uk/id/region/sutton,E09000029,2004-01,386,monthly,190195,418627,253155,172601,150050,2004-01-01
Sutton,http://landregistry.data.gov.uk/id/region/sutton,E09000029,2004-02,346,monthly,190673,418685,253213,173209,150538,2004-02-01
Sutton,http://landregistry.data.gov.uk/id/region/sutton,E09000029,2004-03,386,monthly,192155,422435,254743,174708,151620,2004-03-01
Sutton,http://landregistry.data.gov.uk/id/region/sutton,E09000029,2004-04,465,monthly,194608,423603,257485,177587,153491,2004-04-01
Sutton,http://landregistry.data.gov.uk/id/region/sutton,E09000029,2004-05,436,monthly,197569,423908,260642,180798,156031,2004-05-01
Sutton,http://landregistry.data.gov.uk/id/region/sutton,E09000029,2004-06,462,monthly,202145,429715,266151,185144,159904,2004-06-01
Sutton,http://landregistry.data.gov.uk/id/region/sutton,E09000029,2004-07,506,monthly,206055,437830,271776,188849,162785,2004-07-01
Sutton,http://landregistry.data.gov.uk/id/region/sutton,E09000029,2004-08,423,monthly,208743,447098,275410,191335,164685,2004-08-01
Sutton,http://landregistry.data.gov.uk/id/region/sutton,E09000029,2004-09,354,monthly,210029,452555,277783,192595,165303,2004-09-01
Sutton,http://landregistry.data.gov.uk/id/region/sutton,E09000029,2004-10,321,monthly,209698,450679,276154,192075,165600,2004-10-01
Sutton,http://landregistry.data.gov.uk/id/region/sutton,E09000029,2004-11,328,monthly,210496,450600,276845,192821,166419,2004-11-01
Sutton,http://landregistry.data.gov.uk/id/region/sutton,E09000029,2004-12,287,monthly,209585,445409,274453,192241,166059,2004-12-01
Sutton,http://landregistry.data.gov.uk/id/region/sutton,E09000029,2005-01,176,monthly,209205,445367,273644,192178,165627,2005-01-01
Sutton,http://landregistry.data.gov.uk/id/region/sutton,E09000029,2005-02,210,monthly,207733,443055,272133,190874,164237,2005-02-01
Sutton,http://landregistry.data.gov.uk/id/region/sutton,E09000029,2005-03,288,monthly,208081,444954,273184,191650,163991,2005-03-01
Sutton,http://landregistry.data.gov.uk/id/region/sutton,E09000029,2005-04,318,monthly,210105,447169,276362,194041,165202,2005-04-01
Sutton,http://landregistry.data.gov.uk/id/region/sutton,E09000029,2005-05,306,monthly,211344,447834,277344,195635,166237,2005-05-01
Sutton,http://landregistry.data.gov.uk/id/region/sutton,E09000029,2005-06,373,monthly,212564,448370,278639,197104,167219,2005-06-01
Sutton,http://landregistry.data.gov.uk/id/region/sutton,E09000029,2005-07,376,monthly,210958,445587,276891,195781,165686,2005-07-01
Sutton,http://landregistry.data.gov.uk/id/region/sutton,E09000029,2005-08,347,monthly,210938,446661,276913,196139,165336,2005-08-01
Sutton,http://landregistry.data.gov.uk/id/region/sutton,E09000029,2005-09,355,monthly,210881,448792,277028,196188,165013,2005-09-01
Sutton,http://landregistry.data.gov.uk/id/region/sutton,E09000029,2005-10,319,monthly,208818,443430,273367,194141,163871,2005-10-01
Sutton,http://landregistry.data.gov.uk/id/region/sutton,E09000029,2005-11,387,monthly,208103,440489,272434,193492,163393,2005-11-01
Sutton,http://landregistry.data.gov.uk/id/region/sutton,E09000029,2005-12,353,monthly,205837,432328,268501,191278,162244,2005-12-01
Sutton,http://landregistry.data.gov.uk/id/region/sutton,E09000029,2006-01,271,monthly,208052,438301,271642,193665,163605,2006-01-01
Sutton,http://landregistry.data.gov.uk/id/region/sutton,E09000029,2006-02,307,monthly,209393,440271,272948,194788,164968,2006-02-01
Sutton,http://landregistry.data.gov.uk/id/region/sutton,E09000029,2006-03,400,monthly,211152,446128,276115,196740,165711,2006-03-01
Sutton,http://landregistry.data.gov.uk/id/region/sutton,E09000029,2006-04,307,monthly,211560,445088,276628,197335,166042,2006-04-01
Sutton,http://landregistry.data.gov.uk/id/region/sutton,E09000029,2006-05,365,monthly,211970,446740,277532,197874,166080,2006-05-01
Sutton,http://landregistry.data.gov.uk/id/region/sutton,E09000029,2006-06,504,monthly,215029,452722,281429,200800,168500,2006-06-01
Sutton,http://landregistry.data.gov.uk/id/region/sutton,E09000029,2006-07,504,monthly,216749,457629,284100,202673,169443,2006-07-01
Sutton,http://landregistry.data.gov.uk/id/region/sutton,E09000029,2006-08,416,monthly,218347,461859,286442,204665,170227,2006-08-01
Sutton,http://landregistry.data.gov.uk/id/region/sutton,E09000029,2006-09,408,monthly,217113,461790,285402,203487,168896,2006-09-01
Sutton,http://landregistry.data.gov.uk/id/region/sutton,E09000029,2006-10,433,monthly,219908,467777,288774,205831,171343,2006-10-01
Sutton,http://landregistry.data.gov.uk/id/region/sutton,E09000029,2006-11,413,monthly,223135,474629,293241,208775,173830,2006-11-01
Sutton,http://landregistry.data.gov.uk/id/region/sutton,E09000029,2006-12,461,monthly,226278,478951,296588,211813,176654,2006-12-01
Sutton,http://landregistry.data.gov.uk/id/region/sutton,E09000029,2007-01,368,monthly,227012,481327,297691,212715,176983,2007-01-01
Sutton,http://landregistry.data.gov.uk/id/region/sutton,E09000029,2007-02,348,monthly,229220,485924,299906,214284,179174,2007-02-01
Sutton,http://landregistry.data.gov.uk/id/region/sutton,E09000029,2007-03,387,monthly,230815,490776,302362,216043,179992,2007-03-01
Sutton,http://landregistry.data.gov.uk/id/region/sutton,E09000029,2007-04,317,monthly,233852,495359,305784,219303,182385,2007-04-01
Sutton,http://landregistry.data.gov.uk/id/region/sutton,E09000029,2007-05,475,monthly,237514,501299,310331,223376,185044,2007-05-01
Sutton,http://landregistry.data.gov.uk/id/region/sutton,E09000029,2007-06,375,monthly,241342,508505,315013,227012,188146,2007-06-01
Sutton,http://landregistry.data.gov.uk/id/region/sutton,E09000029,2007-07,485,monthly,245600,521196,321456,230933,191051,2007-07-01
Sutton,http://landregistry.data.gov.uk/id/region/sutton,E09000029,2007-08,472,monthly,244675,522708,321193,230585,189563,2007-08-01
Sutton,http://landregistry.data.gov.uk/id/region/sutton,E09000029,2007-09,405,monthly,248035,533170,326187,233457,191980,2007-09-01
Sutton,http://landregistry.data.gov.uk/id/region/sutton,E09000029,2007-10,397,monthly,248831,535180,326350,234003,192937,2007-10-01
Sutton,http://landregistry.data.gov.uk/id/region/sutton,E09000029,2007-11,377,monthly,252643,544335,331006,236853,196352,2007-11-01
Sutton,http://landregistry.data.gov.uk/id/region/sutton,E09000029,2007-12,296,monthly,257717,552163,337035,241686,200605,2007-12-01
Sutton,http://landregistry.data.gov.uk/id/region/sutton,E09000029,2008-01,232,monthly,257529,553521,337008,241302,200417,2008-01-01
Sutton,http://landregistry.data.gov.uk/id/region/sutton,E09000029,2008-02,264,monthly,258579,555859,338856,242400,201034,2008-02-01
Sutton,http://landregistry.data.gov.uk/id/region/sutton,E09000029,2008-03,219,monthly,252133,545600,331515,236925,195188,2008-03-01
Sutton,http://landregistry.data.gov.uk/id/region/sutton,E09000029,2008-04,216,monthly,251699,545713,331469,237200,194273,2008-04-01
Sutton,http://landregistry.data.gov.uk/id/region/sutton,E09000029,2008-05,242,monthly,248424,539647,327432,234551,191368,2008-05-01
Sutton,http://landregistry.data.gov.uk/id/region/sutton,E09000029,2008-06,232,monthly,249482,542415,328952,235567,192114,2008-06-01
Sutton,http://landregistry.data.gov.uk/id/region/sutton,E09000029,2008-07,216,monthly,245202,534504,324316,231266,188633,2008-07-01
Sutton,http://landregistry.data.gov.uk/id/region/sutton,E09000029,2008-08,158,monthly,240818,526492,318708,226762,185336,2008-08-01
Sutton,http://landregistry.data.gov.uk/id/region/sutton,E09000029,2008-09,151,monthly,233543,515089,309276,219475,179688,2008-09-01
Sutton,http://landregistry.data.gov.uk/id/region/sutton,E09000029,2008-10,156,monthly,228683,504067,301999,214532,176394,2008-10-01
Sutton,http://landregistry.data.gov.uk/id/region/sutton,E09000029,2008-11,147,monthly,226015,500485,298580,212133,174125,2008-11-01
Sutton,http://landregistry.data.gov.uk/id/region/sutton,E09000029,2008-12,135,monthly,220316,485017,290941,207108,169733,2008-12-01
Sutton,http://landregistry.data.gov.uk/id/region/sutton,E09000029,2009-01,113,monthly,216291,477288,285569,202927,166815,2009-01-01
Sutton,http://landregistry.data.gov.uk/id/region/sutton,E09000029,2009-02,112,monthly,207917,456188,274390,194423,160951,2009-02-01
Sutton,http://landregistry.data.gov.uk/id/region/sutton,E09000029,2009-03,152,monthly,206511,452388,272260,192476,160373,2009-03-01
Sutton,http://landregistry.data.gov.uk/id/region/sutton,E09000029,2009-04,129,monthly,205540,447013,271330,191987,159429,2009-04-01
Sutton,http://landregistry.data.gov.uk/id/region/sutton,E09000029,2009-05,164,monthly,205722,446288,271687,192892,159058,2009-05-01
Sutton,http://landregistry.data.gov.uk/id/region/sutton,E09000029,2009-06,182,monthly,204523,443717,270731,192515,157328,2009-06-01
Sutton,http://landregistry.data.gov.uk/id/region/sutton,E09000029,2009-07,248,monthly,207908,452573,276376,196418,158843,2009-07-01
Sutton,http://landregistry.data.gov.uk/id/region/sutton,E09000029,2009-08,228,monthly,212511,465776,283336,201084,161556,2009-08-01
Sutton,http://landregistry.data.gov.uk/id/region/sutton,E09000029,2009-09,228,monthly,217195,478054,290266,205642,164611,2009-09-01
Sutton,http://landregistry.data.gov.uk/id/region/sutton,E09000029,2009-10,270,monthly,218550,482323,292311,207013,165389,2009-10-01
Sutton,http://landregistry.data.gov.uk/id/region/sutton,E09000029,2009-11,250,monthly,220575,486444,294800,209547,166577,2009-11-01
Sutton,http://landregistry.data.gov.uk/id/region/sutton,E09000029,2009-12,314,monthly,222170,487370,296680,211643,167655,2009-12-01
Sutton,http://landregistry.data.gov.uk/id/region/sutton,E09000029,2010-01,144,monthly,225973,497990,303094,215696,169561,2010-01-01
Sutton,http://landregistry.data.gov.uk/id/region/sutton,E09000029,2010-02,157,monthly,230356,509454,310865,220002,171956,2010-02-01
Sutton,http://landregistry.data.gov.uk/id/region/sutton,E09000029,2010-03,175,monthly,235157,525254,318338,224188,175123,2010-03-01
Sutton,http://landregistry.data.gov.uk/id/region/sutton,E09000029,2010-04,221,monthly,234859,522967,317525,223836,175259,2010-04-01
Sutton,http://landregistry.data.gov.uk/id/region/sutton,E09000029,2010-05,157,monthly,236701,525957,319108,225455,177200,2010-05-01
Sutton,http://landregistry.data.gov.uk/id/region/sutton,E09000029,2010-06,197,monthly,235295,521882,317375,224586,175818,2010-06-01
Sutton,http://landregistry.data.gov.uk/id/region/sutton,E09000029,2010-07,239,monthly,235635,526830,318151,225136,175416,2010-07-01
Sutton,http://landregistry.data.gov.uk/id/region/sutton,E09000029,2010-08,227,monthly,233041,523751,316246,222691,172577,2010-08-01
Sutton,http://landregistry.data.gov.uk/id/region/sutton,E09000029,2010-09,207,monthly,233303,528390,317389,222895,172135,2010-09-01
Sutton,http://landregistry.data.gov.uk/id/region/sutton,E09000029,2010-10,185,monthly,234395,530008,319396,223833,172881,2010-10-01
Sutton,http://landregistry.data.gov.uk/id/region/sutton,E09000029,2010-11,230,monthly,234597,531637,319157,223663,173399,2010-11-01
Sutton,http://landregistry.data.gov.uk/id/region/sutton,E09000029,2010-12,221,monthly,232561,525928,316682,221385,172114,2010-12-01
Sutton,http://landregistry.data.gov.uk/id/region/sutton,E09000029,2011-01,100,monthly,231401,526936,315051,220068,171124,2011-01-01
Sutton,http://landregistry.data.gov.uk/id/region/sutton,E09000029,2011-02,135,monthly,234298,537927,318878,222665,173010,2011-02-01
Sutton,http://landregistry.data.gov.uk/id/region/sutton,E09000029,2011-03,158,monthly,234942,544349,319469,223225,173191,2011-03-01
Sutton,http://landregistry.data.gov.uk/id/region/sutton,E09000029,2011-04,176,monthly,233579,539804,317288,221892,172429,2011-04-01
Sutton,http://landregistry.data.gov.uk/id/region/sutton,E09000029,2011-05,194,monthly,231347,527795,313906,219914,171354,2011-05-01
Sutton,http://landregistry.data.gov.uk/id/region/sutton,E09000029,2011-06,221,monthly,228305,514065,310028,217365,169334,2011-06-01
Sutton,http://landregistry.data.gov.uk/id/region/sutton,E09000029,2011-07,260,monthly,230503,516729,313195,219523,171045,2011-07-01
Sutton,http://landregistry.data.gov.uk/id/region/sutton,E09000029,2011-08,278,monthly,230092,520077,314357,219666,169477,2011-08-01
Sutton,http://landregistry.data.gov.uk/id/region/sutton,E09000029,2011-09,215,monthly,234651,535440,320986,224065,172268,2011-09-01
Sutton,http://landregistry.data.gov.uk/id/region/sutton,E09000029,2011-10,242,monthly,235020,538921,322736,224469,171893,2011-10-01
Sutton,http://landregistry.data.gov.uk/id/region/sutton,E09000029,2011-11,217,monthly,235541,540193,322520,224505,172874,2011-11-01
Sutton,http://landregistry.data.gov.uk/id/region/sutton,E09000029,2011-12,237,monthly,236642,538166,323937,225514,174102,2011-12-01
Sutton,http://landregistry.data.gov.uk/id/region/sutton,E09000029,2012-01,166,monthly,234452,530980,321034,223857,172352,2012-01-01
Sutton,http://landregistry.data.gov.uk/id/region/sutton,E09000029,2012-02,193,monthly,233933,530379,320909,223990,171322,2012-02-01
Sutton,http://landregistry.data.gov.uk/id/region/sutton,E09000029,2012-03,268,monthly,233526,528611,319711,224076,171052,2012-03-01
Sutton,http://landregistry.data.gov.uk/id/region/sutton,E09000029,2012-04,155,monthly,235097,531493,320956,225431,172666,2012-04-01
Sutton,http://landregistry.data.gov.uk/id/region/sutton,E09000029,2012-05,160,monthly,237808,534706,324206,228089,175022,2012-05-01
Sutton,http://landregistry.data.gov.uk/id/region/sutton,E09000029,2012-06,216,monthly,238754,536984,325781,229688,175192,2012-06-01
Sutton,http://landregistry.data.gov.uk/id/region/sutton,E09000029,2012-07,221,monthly,241191,542764,329293,232445,176640,2012-07-01
Sutton,http://landregistry.data.gov.uk/id/region/sutton,E09000029,2012-08,261,monthly,239079,538356,326866,231068,174513,2012-08-01
Sutton,http://landregistry.data.gov.uk/id/region/sutton,E09000029,2012-09,198,monthly,241415,546009,330175,233089,176117,2012-09-01
Sutton,http://landregistry.data.gov.uk/id/region/sutton,E09000029,2012-10,269,monthly,242477,547940,331570,234359,176805,2012-10-01
Sutton,http://landregistry.data.gov.uk/id/region/sutton,E09000029,2012-11,279,monthly,244327,552366,333870,236087,178248,2012-11-01
Sutton,http://landregistry.data.gov.uk/id/region/sutton,E09000029,2012-12,180,monthly,244047,551585,333929,235987,177803,2012-12-01
Sutton,http://landregistry.data.gov.uk/id/region/sutton,E09000029,2013-01,163,monthly,243568,552756,334365,235321,177011,2013-01-01
Sutton,http://landregistry.data.gov.uk/id/region/sutton,E09000029,2013-02,190,monthly,243275,553791,334287,234729,176705,2013-02-01
Sutton,http://landregistry.data.gov.uk/id/region/sutton,E09000029,2013-03,194,monthly,243096,555196,334102,233868,176771,2013-03-01
Sutton,http://landregistry.data.gov.uk/id/region/sutton,E09000029,2013-04,184,monthly,242914,554542,332805,234047,176783,2013-04-01
Sutton,http://landregistry.data.gov.uk/id/region/sutton,E09000029,2013-05,246,monthly,248213,565619,340015,239130,180752,2013-05-01
Sutton,http://landregistry.data.gov.uk/id/region/sutton,E09000029,2013-06,221,monthly,250480,568654,343170,241975,182191,2013-06-01
Sutton,http://landregistry.data.gov.uk/id/region/sutton,E09000029,2013-07,297,monthly,253394,574570,347517,244925,184181,2013-07-01
Sutton,http://landregistry.data.gov.uk/id/region/sutton,E09000029,2013-08,302,monthly,254848,577919,350009,246646,184904,2013-08-01
Sutton,http://landregistry.data.gov.uk/id/region/sutton,E09000029,2013-09,283,monthly,256554,584804,352568,248183,185894,2013-09-01
Sutton,http://landregistry.data.gov.uk/id/region/sutton,E09000029,2013-10,326,monthly,260492,594673,358540,251777,188621,2013-10-01
Sutton,http://landregistry.data.gov.uk/id/region/sutton,E09000029,2013-11,337,monthly,261968,597759,360610,253297,189649,2013-11-01
Sutton,http://landregistry.data.gov.uk/id/region/sutton,E09000029,2013-12,263,monthly,265231,599889,364920,256716,192356,2013-12-01
Sutton,http://landregistry.data.gov.uk/id/region/sutton,E09000029,2014-01,277,monthly,269434,608665,370213,260538,195753,2014-01-01
Sutton,http://landregistry.data.gov.uk/id/region/sutton,E09000029,2014-02,269,monthly,272241,615317,373617,263195,197948,2014-02-01
Sutton,http://landregistry.data.gov.uk/id/region/sutton,E09000029,2014-03,246,monthly,274934,622393,377144,265696,199900,2014-03-01
Sutton,http://landregistry.data.gov.uk/id/region/sutton,E09000029,2014-04,222,monthly,277918,627823,380757,269199,201974,2014-04-01
Sutton,http://landregistry.data.gov.uk/id/region/sutton,E09000029,2014-05,254,monthly,281159,632233,384851,272842,204363,2014-05-01
Sutton,http://landregistry.data.gov.uk/id/region/sutton,E09000029,2014-06,243,monthly,284984,640239,390267,276896,206967,2014-06-01
Sutton,http://landregistry.data.gov.uk/id/region/sutton,E09000029,2014-07,260,monthly,289552,650572,397364,281616,209919,2014-07-01
Sutton,http://landregistry.data.gov.uk/id/region/sutton,E09000029,2014-08,401,monthly,297732,671064,409689,289782,215320,2014-08-01
Sutton,http://landregistry.data.gov.uk/id/region/sutton,E09000029,2014-09,331,monthly,308556,696817,424771,300236,223048,2014-09-01
Sutton,http://landregistry.data.gov.uk/id/region/sutton,E09000029,2014-10,382,monthly,313166,706919,430897,304179,226726,2014-10-01
Sutton,http://landregistry.data.gov.uk/id/region/sutton,E09000029,2014-11,274,monthly,313785,708707,431306,304274,227515,2014-11-01
Sutton,http://landregistry.data.gov.uk/id/region/sutton,E09000029,2014-12,289,monthly,310125,700352,425800,300425,225139,2014-12-01
Sutton,http://landregistry.data.gov.uk/id/region/sutton,E09000029,2015-01,228,monthly,307545,694967,422525,297805,223229,2015-01-01
Sutton,http://landregistry.data.gov.uk/id/region/sutton,E09000029,2015-02,228,monthly,310645,701713,426314,300291,225884,2015-02-01
