dataset/UK housing/sutton.csv
"Name","URI","Region GSS code","Period","Sales volume","Reporting period","Average price All property types","Average price Detached houses","Average price Semi-detached houses","Average price Terraced houses","Average price Flats and maisonettes","Pivotable date"
Sutton,http://landregistry.data.gov.uk/id/region/sutton,E09000029,2015-03,252,monthly,311025,703015,427478,300326,226132,2015-03-01
Sutton,http://landregistry.data.gov.uk/id/region/sutton,E09000029,2015-04,241,monthly,314051,710118,431141,303686,228227,2015-04-01
Sutton,http://landregistry.data.gov.uk/id/region/sutton,E09000029,2015-05,262,monthly,314507,708913,432101,304483,228445,2015-05-01
Sutton,http://landregistry.data.gov.uk/id/region/sutton,E09000029,2015-06,322,monthly,316576,713583,435379,307556,229292,2015-06-01
Sutton,http://landregistry.data.gov.uk/id/region/sutton,E09000029,2015-07,332,monthly,323505,727646,445661,314515,234103,2015-07-01
Sutton,http://landregistry.data.gov.uk/id/region/sutton,E09000029,2015-08,288,monthly,327396,737579,451604,318946,236351,2015-08-01
Sutton,http://landregistry.data.gov.uk/id/region/sutton,E09000029,2015-09,272,monthly,334099,755996,460793,324835,241295,2015-09-01
Sutton,http://landregistry.data.gov.uk/id/region/sutton,E09000029,2015-10,384,monthly,335502,760910,463115,326324,242021,2015-10-01
Sutton,http://landregistry.data.gov.uk/id/region/sutton,E09000029,2015-11,302,monthly,338619,769341,467802,329201,244147,2015-11-01
Sutton,http://landregistry.data.gov.uk/id/region/sutton,E09000029,2015-12,295,monthly,341717,774778,472599,332390,246265,2015-12-01
Sutton,http://landregistry.data.gov.uk/id/region/sutton,E09000029,2016-01,201,monthly,343907,779026,476606,333926,247932,2016-01-01
Sutton,http://landregistry.data.gov.uk/id/region/sutton,E09000029,2016-02,265,monthly,351088,796516,486707,340492,253187,2016-02-01
Sutton,http://landregistry.data.gov.uk/id/region/sutton,E09000029,2016-03,460,monthly,354131,805307,490306,342941,255668,2016-03-01
Sutton,http://landregistry.data.gov.uk/id/region/sutton,E09000029,2016-04,164,monthly,360226,816601,496920,349741,260288,2016-04-01
Sutton,http://landregistry.data.gov.uk/id/region/sutton,E09000029,2016-05,181,monthly,363181,814963,498849,352910,263445,2016-05-01
Sutton,http://landregistry.data.gov.uk/id/region/sutton,E09000029,2016-06,257,monthly,369743,824137,506631,359819,268662,2016-06-01
Sutton,http://landregistry.data.gov.uk/id/region/sutton,E09000029,2016-07,255,monthly,373699,833701,512586,363148,271600,2016-07-01
Sutton,http://landregistry.data.gov.uk/id/region/sutton,E09000029,2016-08,294,monthly,376311,842934,516801,365593,273127,2016-08-01
Sutton,http://landregistry.data.gov.uk/id/region/sutton,E09000029,2016-09,279,monthly,375152,841227,516807,363986,272033,2016-09-01
Sutton,http://landregistry.data.gov.uk/id/region/sutton,E09000029,2016-10,289,monthly,374923,841979,516391,362551,272418,2016-10-01
Sutton,http://landregistry.data.gov.uk/id/region/sutton,E09000029,2016-11,317,monthly,371407,838101,512007,358174,269949,2016-11-01
Sutton,http://landregistry.data.gov.uk/id/region/sutton,E09000029,2016-12,310,monthly,369869,835402,508707,356050,269421,2016-12-01
Sutton,http://landregistry.data.gov.uk/id/region/sutton,E09000029,2017-01,232,monthly,365567,826129,502512,352276,266145,2017-01-01
Sutton,http://landregistry.data.gov.uk/id/region/sutton,E09000029,2017-02,261,monthly,366941,825121,502306,353111,268224,2017-02-01
Sutton,http://landregistry.data.gov.uk/id/region/sutton,E09000029,2017-03,255,monthly,371234,834966,507733,356909,271633,2017-03-01
Sutton,http://landregistry.data.gov.uk/id/region/sutton,E09000029,2017-04,211,monthly,376231,846664,513153,361166,275922,2017-04-01
Sutton,http://landregistry.data.gov.uk/id/region/sutton,E09000029,2017-05,233,monthly,377365,846842,515161,362020,276888,2017-05-01
Sutton,http://landregistry.data.gov.uk/id/region/sutton,E09000029,2017-06,254,monthly,379352,846428,517122,364602,278513,2017-06-01
Sutton,http://landregistry.data.gov.uk/id/region/sutton,E09000029,2017-07,277,monthly,380601,844854,519541,365669,279560,2017-07-01
Sutton,http://landregistry.data.gov.uk/id/region/sutton,E09000029,2017-08,315,monthly,382729,852919,523219,368876,280127,2017-08-01
Sutton,http://landregistry.data.gov.uk/id/region/sutton,E09000029,2017-09,260,monthly,382200,856753,523910,368050,279203,2017-09-01
Sutton,http://landregistry.data.gov.uk/id/region/sutton,E09000029,2017-10,230,monthly,381501,859784,523838,367538,278094,2017-10-01
Sutton,http://landregistry.data.gov.uk/id/region/sutton,E09000029,2017-11,257,monthly,381410,858927,524479,367249,277955,2017-11-01
Sutton,http://landregistry.data.gov.uk/id/region/sutton,E09000029,2017-12,233,monthly,377963,849514,519839,364908,275033,2017-12-01
Sutton,http://landregistry.data.gov.uk/id/region/sutton,E09000029,2018-01,196,monthly,376097,843435,517525,363268,273638,2018-01-01
Sutton,http://landregistry.data.gov.uk/id/region/sutton,E09000029,2018-02,210,monthly,371697,834541,511212,359135,270380,2018-02-01
Sutton,http://landregistry.data.gov.uk/id/region/sutton,E09000029,2018-03,212,monthly,376096,845516,519162,363842,272947,2018-03-01
Sutton,http://landregistry.data.gov.uk/id/region/sutton,E09000029,2018-04,189,monthly,375827,845397,519949,365360,271735,2018-04-01
Sutton,http://landregistry.data.gov.uk/id/region/sutton,E09000029,2018-05,209,monthly,379977,857151,528238,370767,273467,2018-05-01
Sutton,http://landregistry.data.gov.uk/id/region/sutton,E09000029,2018-06,217,monthly,381296,862312,531030,371694,274227,2018-06-01
Sutton,http://landregistry.data.gov.uk/id/region/sutton,E09000029,2018-07,248,monthly,385780,877095,537356,375759,277304,2018-07-01
Sutton,http://landregistry.data.gov.uk/id/region/sutton,E09000029,2018-08,263,monthly,387410,881559,538980,377213,278632,2018-08-01
Sutton,http://landregistry.data.gov.uk/id/region/sutton,E09000029,2018-09,229,monthly,382056,872158,531693,372366,274445,2018-09-01
Sutton,http://landregistry.data.gov.uk/id/region/sutton,E09000029,2018-10,217,monthly,382111,872073,531815,372393,274498,2018-10-01
Sutton,http://landregistry.data.gov.uk/id/region/sutton,E09000029,2018-11,249,monthly,377688,867636,527132,368476,270530,2018-11-01
Sutton,http://landregistry.data.gov.uk/id/region/sutton,E09000029,2018-12,240,monthly,375497,859599,523628,366251,269259,2018-12-01
Sutton,http://landregistry.data.gov.uk/id/region/sutton,E09000029,2019-01,185,monthly,374145,857940,522617,364636,268136,2019-01-01
Sutton,http://landregistry.data.gov.uk/id/region/sutton,E09000029,2019-02,202,monthly,374348,854085,521623,364305,269061,2019-02-01
Sutton,http://landregistry.data.gov.uk/id/region/sutton,E09000029,2019-03,199,monthly,371934,848729,518632,362491,266901,2019-03-01
Sutton,http://landregistry.data.gov.uk/id/region/sutton,E09000029,2019-04,192,monthly,368128,836979,512403,359797,264035,2019-04-01
Sutton,http://landregistry.data.gov.uk/id/region/sutton,E09000029,2019-05,182,monthly,368973,837729,514560,361616,263779,2019-05-01
Sutton,http://landregistry.data.gov.uk/id/region/sutton,E09000029,2019-06,205,monthly,370738,840324,517098,363450,265044,2019-06-01
Sutton,http://landregistry.data.gov.uk/id/region/sutton,E09000029,2019-07,209,monthly,372358,842804,519710,364997,266195,2019-07-01
Sutton,http://landregistry.data.gov.uk/id/region/sutton,E09000029,2019-08,284,monthly,367924,832949,513857,360975,262705,2019-08-01
Sutton,http://landregistry.data.gov.uk/id/region/sutton,E09000029,2019-09,225,monthly,371762,842856,518207,365099,265466,2019-09-01
Sutton,http://landregistry.data.gov.uk/id/region/sutton,E09000029,2019-10,224,monthly,370293,841910,518078,363550,263706,2019-10-01
Sutton,http://landregistry.data.gov.uk/id/region/sutton,E09000029,2019-11,237,monthly,375329,857421,526401,368177,266814,2019-11-01
Sutton,http://landregistry.data.gov.uk/id/region/sutton,E09000029,2019-12,209,monthly,373236,855952,524715,366504,264466,2019-12-01
Sutton,http://landregistry.data.gov.uk/id/region/sutton,E09000029,2020-01,209,monthly,371413,851502,522228,365579,262633,2020-01-01
Sutton,http://landregistry.data.gov.uk/id/region/sutton,E09000029,2020-02,216,monthly,372934,855258,524087,367263,263607,2020-02-01
Sutton,http://landregistry.data.gov.uk/id/region/sutton,E09000029,2020-03,160,monthly,375271,859915,528060,369212,265294,2020-03-01
Sutton,http://landregistry.data.gov.uk/id/region/sutton,E09000029,2020-04,114,monthly,376945,870738,530658,371895,265156,2020-04-01
Sutton,http://landregistry.data.gov.uk/id/region/sutton,E09000029,2020-05,92,monthly,373241,862655,525587,367963,262647,2020-05-01
Sutton,http://landregistry.data.gov.uk/id/region/sutton,E09000029,2020-06,152,monthly,372685,860646,526205,368042,261483,2020-06-01
Sutton,http://landregistry.data.gov.uk/id/region/sutton,E09000029,2020-07,162,monthly,374822,859511,529127,369580,263881,2020-07-01
Sutton,http://landregistry.data.gov.uk/id/region/sutton,E09000029,2020-08,190,monthly,377325,867320,534428,373323,264121,2020-08-01
Sutton,http://landregistry.data.gov.uk/id/region/sutton,E09000029,2020-09,206,monthly,382463,883850,542382,378625,266977,2020-09-01
Sutton,http://landregistry.data.gov.uk/id/region/sutton,E09000029,2020-10,245,monthly,385176,894049,547629,381647,267905,2020-10-01
Sutton,http://landregistry.data.gov.uk/id/region/sutton,E09000029,2020-11,293,monthly,389932,905671,554201,386227,271305,2020-11-01
Sutton,http://landregistry.data.gov.uk/id/region/sutton,E09000029,2020-12,250,monthly,392165,910739,557352,388965,272541,2020-12-01
Sutton,http://landregistry.data.gov.uk/id/region/sutton,E09000029,2021-01,216,monthly,393069,913350,558751,390614,272620,2021-01-01
Sutton,http://landregistry.data.gov.uk/id/region/sutton,E09000029,2021-02,317,monthly,393443,913834,558746,392144,272367,2021-02-01
Sutton,http://landregistry.data.gov.uk/id/region/sutton,E09000029,2021-03,444,monthly,394899,917645,560999,394820,272513,2021-03-01
Sutton,http://landregistry.data.gov.uk/id/region/sutton,E09000029,2021-04,226,monthly,396215,921495,561592,396233,273730,2021-04-01
Sutton,http://landregistry.data.gov.uk/id/region/sutton,E09000029,2021-05,199,monthly,396794,926308,563197,396888,273535,2021-05-01
Sutton,http://landregistry.data.gov.uk/id/region/sutton,E09000029,2021-06,540,monthly,398290,930691,564754,399716,273850,2021-06-01
Sutton,http://landregistry.data.gov.uk/id/region/sutton,E09000029,2021-07,62,monthly,401382,946368,570965,401119,275768,2021-07-01
Sutton,http://landregistry.data.gov.uk/id/region/sutton,E09000029,2021-08,90,monthly,405097,963832,579998,403904,276979,2021-08-01
Sutton,http://landregistry.data.gov.uk/id/region/sutton,E09000029,2021-09,150,monthly,414652,993749,596485,411829,283006,2021-09-01
Sutton,http://landregistry.data.gov.uk/id/region/sutton,E09000029,2021-10,,monthly,419463,1011061,607505,416625,284464,2021-10-01
Sutton,http://landregistry.data.gov.uk/id/region/sutton,E09000029,2021-11,,monthly,421497,1016478,612522,418257,285378,2021-11-01
